// Jest Snapshot v1, https://goo.gl/fbAQLP

exports[`sample component snapshot 1`] = `
<div>
  hello world
</div>
`;
